- [foo](#foo)
- [FOO](#foo-1)
- [Foo](#foo-2)

# foo

# FOO

# Foo