- [foo](#foo)
- [foo](#foo-1)
	- [foo](#foo-2)

# foo

# foo

## foo