- [First](#first)
- [Second](#second)
# First
blah

# Second
blah