- [aa](#aa)
- [*bb*](#bb)
- [**cc**](#cc)
- [_dd_](#dd)
- [__ee__](#ee)
- [ff](#ff)
- [**gg**](#gg)
- [hh](#hh-)

# aa
# *bb*
# **cc**
# _dd_
# __ee__
# [ff](http://example.org)
# **[gg](http://example.org)**
# hh [![foo](http//example.org/image.png)](http://example.org)