- [include](#include)

# include

```
# exclude fenced code block
```

```go
# exclude fenced code block with language tag
```

	# exclude line with leading tab

    # exclude tab with 4 leading spaces