# first

- [first](#first)
	- [1st sub](#1st-sub)
	- [2nd sub](#2nd-sub)

## 1st sub

## 2nd sub